[1.471s] Invoking command in '/home/user/chase_ws/src/chase_node': PYTHONPATH=/home/user/chase_ws/build/chase_node/prefix_override:/usr/lib/python3/dist-packages/colcon_core/task/python/colcon_distutils_commands:/home/user/chase_ws/install/chase_node/lib/python3.10/site-packages:${PYTHONPATH} /usr/bin/python3 -W ignore:setup.py install is deprecated -W ignore:easy_install command is deprecated setup.py egg_info --egg-base ../../build/chase_node build --build-base /home/user/chase_ws/build/chase_node/build install --record /home/user/chase_ws/build/chase_node/install.log --single-version-externally-managed install_data
[1.990s] running egg_info
[1.993s] writing ../../build/chase_node/chase_node.egg-info/PKG-INFO
[1.994s] writing dependency_links to ../../build/chase_node/chase_node.egg-info/dependency_links.txt
[1.995s] writing entry points to ../../build/chase_node/chase_node.egg-info/entry_points.txt
[1.995s] writing requirements to ../../build/chase_node/chase_node.egg-info/requires.txt
[1.995s] writing top-level names to ../../build/chase_node/chase_node.egg-info/top_level.txt
[2.000s] reading manifest file '../../build/chase_node/chase_node.egg-info/SOURCES.txt'
[2.002s] writing manifest file '../../build/chase_node/chase_node.egg-info/SOURCES.txt'
[2.002s] running build
[2.002s] running build_py
[2.003s] copying chase_node/chase_node.py -> /home/user/chase_ws/build/chase_node/build/lib/chase_node
[2.003s] running install
[2.004s] running install_lib
[2.005s] copying /home/user/chase_ws/build/chase_node/build/lib/chase_node/chase_node.py -> /home/user/chase_ws/install/chase_node/lib/python3.10/site-packages/chase_node
[2.006s] byte-compiling /home/user/chase_ws/install/chase_node/lib/python3.10/site-packages/chase_node/chase_node.py to chase_node.cpython-310.pyc
[2.009s] running install_data
[2.009s] running install_egg_info
[2.014s] removing '/home/user/chase_ws/install/chase_node/lib/python3.10/site-packages/chase_node-0.0.0-py3.10.egg-info' (and everything under it)
[2.014s] Copying ../../build/chase_node/chase_node.egg-info to /home/user/chase_ws/install/chase_node/lib/python3.10/site-packages/chase_node-0.0.0-py3.10.egg-info
[2.016s] running install_scripts
[2.058s] Installing chase_node script to /home/user/chase_ws/install/chase_node/lib/chase_node
[2.059s] writing list of installed files to '/home/user/chase_ws/build/chase_node/install.log'
[2.105s] Invoked command in '/home/user/chase_ws/src/chase_node' returned '0': PYTHONPATH=/home/user/chase_ws/build/chase_node/prefix_override:/usr/lib/python3/dist-packages/colcon_core/task/python/colcon_distutils_commands:/home/user/chase_ws/install/chase_node/lib/python3.10/site-packages:${PYTHONPATH} /usr/bin/python3 -W ignore:setup.py install is deprecated -W ignore:easy_install command is deprecated setup.py egg_info --egg-base ../../build/chase_node build --build-base /home/user/chase_ws/build/chase_node/build install --record /home/user/chase_ws/build/chase_node/install.log --single-version-externally-managed install_data
