running egg_info
writing ../../build/chase_node/chase_node.egg-info/PKG-INFO
writing dependency_links to ../../build/chase_node/chase_node.egg-info/dependency_links.txt
writing entry points to ../../build/chase_node/chase_node.egg-info/entry_points.txt
writing requirements to ../../build/chase_node/chase_node.egg-info/requires.txt
writing top-level names to ../../build/chase_node/chase_node.egg-info/top_level.txt
reading manifest file '../../build/chase_node/chase_node.egg-info/SOURCES.txt'
writing manifest file '../../build/chase_node/chase_node.egg-info/SOURCES.txt'
running build
running build_py
copying chase_node/chase_node.py -> /home/user/chase_ws/build/chase_node/build/lib/chase_node
running install
running install_lib
copying /home/user/chase_ws/build/chase_node/build/lib/chase_node/chase_node.py -> /home/user/chase_ws/install/chase_node/lib/python3.10/site-packages/chase_node
byte-compiling /home/user/chase_ws/install/chase_node/lib/python3.10/site-packages/chase_node/chase_node.py to chase_node.cpython-310.pyc
running install_data
running install_egg_info
removing '/home/user/chase_ws/install/chase_node/lib/python3.10/site-packages/chase_node-0.0.0-py3.10.egg-info' (and everything under it)
Copying ../../build/chase_node/chase_node.egg-info to /home/user/chase_ws/install/chase_node/lib/python3.10/site-packages/chase_node-0.0.0-py3.10.egg-info
running install_scripts
Installing chase_node script to /home/user/chase_ws/install/chase_node/lib/chase_node
writing list of installed files to '/home/user/chase_ws/build/chase_node/install.log'
