[1.431s] Invoking command in '/home/user/chase_ws/src/chase_node': PYTHONPATH=/home/user/chase_ws/build/chase_node/prefix_override:/usr/lib/python3/dist-packages/colcon_core/task/python/colcon_distutils_commands:/home/user/chase_ws/install/chase_node/lib/python3.10/site-packages:${PYTHONPATH} /usr/bin/python3 -W ignore:setup.py install is deprecated -W ignore:easy_install command is deprecated setup.py egg_info --egg-base ../../build/chase_node build --build-base /home/user/chase_ws/build/chase_node/build install --record /home/user/chase_ws/build/chase_node/install.log --single-version-externally-managed install_data
[2.023s] running egg_info
[2.025s] writing ../../build/chase_node/chase_node.egg-info/PKG-INFO
[2.025s] writing dependency_links to ../../build/chase_node/chase_node.egg-info/dependency_links.txt
[2.026s] writing entry points to ../../build/chase_node/chase_node.egg-info/entry_points.txt
[2.026s] writing requirements to ../../build/chase_node/chase_node.egg-info/requires.txt
[2.026s] writing top-level names to ../../build/chase_node/chase_node.egg-info/top_level.txt
[2.036s] reading manifest file '../../build/chase_node/chase_node.egg-info/SOURCES.txt'
[2.038s] writing manifest file '../../build/chase_node/chase_node.egg-info/SOURCES.txt'
[2.038s] running build
[2.038s] running build_py
[2.038s] copying chase_node/chase_node.py -> /home/user/chase_ws/build/chase_node/build/lib/chase_node
[2.039s] running install
[2.039s] running install_lib
[2.041s] copying /home/user/chase_ws/build/chase_node/build/lib/chase_node/chase_node.py -> /home/user/chase_ws/install/chase_node/lib/python3.10/site-packages/chase_node
[2.042s] byte-compiling /home/user/chase_ws/install/chase_node/lib/python3.10/site-packages/chase_node/chase_node.py to chase_node.cpython-310.pyc
[2.045s] running install_data
[2.045s] running install_egg_info
[2.049s] removing '/home/user/chase_ws/install/chase_node/lib/python3.10/site-packages/chase_node-0.0.0-py3.10.egg-info' (and everything under it)
[2.049s] Copying ../../build/chase_node/chase_node.egg-info to /home/user/chase_ws/install/chase_node/lib/python3.10/site-packages/chase_node-0.0.0-py3.10.egg-info
[2.051s] running install_scripts
[2.092s] Installing chase_node script to /home/user/chase_ws/install/chase_node/lib/chase_node
[2.092s] writing list of installed files to '/home/user/chase_ws/build/chase_node/install.log'
[2.142s] Invoked command in '/home/user/chase_ws/src/chase_node' returned '0': PYTHONPATH=/home/user/chase_ws/build/chase_node/prefix_override:/usr/lib/python3/dist-packages/colcon_core/task/python/colcon_distutils_commands:/home/user/chase_ws/install/chase_node/lib/python3.10/site-packages:${PYTHONPATH} /usr/bin/python3 -W ignore:setup.py install is deprecated -W ignore:easy_install command is deprecated setup.py egg_info --egg-base ../../build/chase_node build --build-base /home/user/chase_ws/build/chase_node/build install --record /home/user/chase_ws/build/chase_node/install.log --single-version-externally-managed install_data
