[1.454s] Invoking command in '/home/user/chase_ws/src/chase_node': PYTHONPATH=/home/user/chase_ws/build/chase_node/prefix_override:/usr/lib/python3/dist-packages/colcon_core/task/python/colcon_distutils_commands:/home/user/chase_ws/install/chase_node/lib/python3.10/site-packages:${PYTHONPATH} /usr/bin/python3 -W ignore:setup.py install is deprecated -W ignore:easy_install command is deprecated setup.py egg_info --egg-base ../../build/chase_node build --build-base /home/user/chase_ws/build/chase_node/build install --record /home/user/chase_ws/build/chase_node/install.log --single-version-externally-managed install_data
[1.960s] running egg_info
[1.962s] writing ../../build/chase_node/chase_node.egg-info/PKG-INFO
[1.962s] writing dependency_links to ../../build/chase_node/chase_node.egg-info/dependency_links.txt
[1.962s] writing entry points to ../../build/chase_node/chase_node.egg-info/entry_points.txt
[1.962s] writing requirements to ../../build/chase_node/chase_node.egg-info/requires.txt
[1.963s] writing top-level names to ../../build/chase_node/chase_node.egg-info/top_level.txt
[1.968s] reading manifest file '../../build/chase_node/chase_node.egg-info/SOURCES.txt'
[1.969s] writing manifest file '../../build/chase_node/chase_node.egg-info/SOURCES.txt'
[1.970s] running build
[1.970s] running build_py
[1.970s] copying chase_node/chase_node.py -> /home/user/chase_ws/build/chase_node/build/lib/chase_node
[1.970s] running install
[1.971s] running install_lib
[1.972s] copying /home/user/chase_ws/build/chase_node/build/lib/chase_node/chase_node.py -> /home/user/chase_ws/install/chase_node/lib/python3.10/site-packages/chase_node
[1.974s] byte-compiling /home/user/chase_ws/install/chase_node/lib/python3.10/site-packages/chase_node/chase_node.py to chase_node.cpython-310.pyc
[1.976s] running install_data
[1.977s] running install_egg_info
[1.982s] removing '/home/user/chase_ws/install/chase_node/lib/python3.10/site-packages/chase_node-0.0.0-py3.10.egg-info' (and everything under it)
[1.983s] Copying ../../build/chase_node/chase_node.egg-info to /home/user/chase_ws/install/chase_node/lib/python3.10/site-packages/chase_node-0.0.0-py3.10.egg-info
[1.984s] running install_scripts
[2.018s] Installing chase_node script to /home/user/chase_ws/install/chase_node/lib/chase_node
[2.019s] writing list of installed files to '/home/user/chase_ws/build/chase_node/install.log'
[2.070s] Invoked command in '/home/user/chase_ws/src/chase_node' returned '0': PYTHONPATH=/home/user/chase_ws/build/chase_node/prefix_override:/usr/lib/python3/dist-packages/colcon_core/task/python/colcon_distutils_commands:/home/user/chase_ws/install/chase_node/lib/python3.10/site-packages:${PYTHONPATH} /usr/bin/python3 -W ignore:setup.py install is deprecated -W ignore:easy_install command is deprecated setup.py egg_info --egg-base ../../build/chase_node build --build-base /home/user/chase_ws/build/chase_node/build install --record /home/user/chase_ws/build/chase_node/install.log --single-version-externally-managed install_data
