[1.895s] Invoking command in '/home/user/chase_ws/src/chase_node': PYTHONPATH=/home/user/chase_ws/build/chase_node/prefix_override:/usr/lib/python3/dist-packages/colcon_core/task/python/colcon_distutils_commands:/home/user/chase_ws/install/chase_node/lib/python3.10/site-packages:${PYTHONPATH} /usr/bin/python3 -W ignore:setup.py install is deprecated -W ignore:easy_install command is deprecated setup.py egg_info --egg-base ../../build/chase_node build --build-base /home/user/chase_ws/build/chase_node/build install --record /home/user/chase_ws/build/chase_node/install.log --single-version-externally-managed install_data
[2.687s] running egg_info
[2.692s] writing ../../build/chase_node/chase_node.egg-info/PKG-INFO
[2.692s] writing dependency_links to ../../build/chase_node/chase_node.egg-info/dependency_links.txt
[2.692s] writing entry points to ../../build/chase_node/chase_node.egg-info/entry_points.txt
[2.692s] writing requirements to ../../build/chase_node/chase_node.egg-info/requires.txt
[2.693s] writing top-level names to ../../build/chase_node/chase_node.egg-info/top_level.txt
[2.700s] reading manifest file '../../build/chase_node/chase_node.egg-info/SOURCES.txt'
[2.703s] writing manifest file '../../build/chase_node/chase_node.egg-info/SOURCES.txt'
[2.704s] running build
[2.704s] running build_py
[2.705s] copying chase_node/chase_node.py -> /home/user/chase_ws/build/chase_node/build/lib/chase_node
[2.705s] running install
[2.705s] running install_lib
[2.707s] copying /home/user/chase_ws/build/chase_node/build/lib/chase_node/chase_node.py -> /home/user/chase_ws/install/chase_node/lib/python3.10/site-packages/chase_node
[2.709s] byte-compiling /home/user/chase_ws/install/chase_node/lib/python3.10/site-packages/chase_node/chase_node.py to chase_node.cpython-310.pyc
[2.714s] running install_data
[2.714s] running install_egg_info
[2.719s] removing '/home/user/chase_ws/install/chase_node/lib/python3.10/site-packages/chase_node-0.0.0-py3.10.egg-info' (and everything under it)
[2.720s] Copying ../../build/chase_node/chase_node.egg-info to /home/user/chase_ws/install/chase_node/lib/python3.10/site-packages/chase_node-0.0.0-py3.10.egg-info
[2.722s] running install_scripts
[2.785s] Installing chase_node script to /home/user/chase_ws/install/chase_node/lib/chase_node
[2.787s] writing list of installed files to '/home/user/chase_ws/build/chase_node/install.log'
[2.851s] Invoked command in '/home/user/chase_ws/src/chase_node' returned '0': PYTHONPATH=/home/user/chase_ws/build/chase_node/prefix_override:/usr/lib/python3/dist-packages/colcon_core/task/python/colcon_distutils_commands:/home/user/chase_ws/install/chase_node/lib/python3.10/site-packages:${PYTHONPATH} /usr/bin/python3 -W ignore:setup.py install is deprecated -W ignore:easy_install command is deprecated setup.py egg_info --egg-base ../../build/chase_node build --build-base /home/user/chase_ws/build/chase_node/build install --record /home/user/chase_ws/build/chase_node/install.log --single-version-externally-managed install_data
